C51 COMPILER V9.00   INIT                                                                  05/19/2016 11:41:52 PAGE 1   


C51 COMPILER V9.00, COMPILATION OF MODULE INIT
OBJECT MODULE PLACED IN init.obj
COMPILER INVOKED BY: I:\program\keil\C51\BIN\C51.EXE code\init.c BROWSE DEBUG OBJECTEXTEND PRINT(.\init.lst) OBJECT(init
                    -.obj)

line level    source

   1          #include"init.h"
   2          
   3          
   4          
   5          unsigned char assistCount;
   6          unsigned char segScantime;//数码管扫描定时服务
   7            /*
   8            *定时器初始化，定时时间100ms
   9            */
  10           void timerinit()
  11           {
  12   1          TMOD = 0x01;
  13   1          TH0 = 0x0EC;
  14   1          TL0 = 0x78;
  15   1          EA = 1;
  16   1          ET0 = 1;
  17   1          TR0 = 1;
  18   1       }
  19            /*
  20            *     数据区初始化
  21            */
  22            void dataInit()
  23            {      
  24   1                 assistCount=0;
  25   1                 lockStat=1;
  26   1                 segPos=0;
  27   1                 runStat=0;
  28   1                 proccessId=0;
  29   1                 passworld[0]=1;
  30   1                 passworld[1]= 2;
  31   1                 passworld[2]=1;
  32   1                 passworld[3]= 3;
  33   1                      segBuff[0]=0;
  34   1                      segBuff[1]=0;
  35   1                      segBuff[2]=0;
  36   1                      segBuff[3]=0;
  37   1        }
  38          
  39           /*
  40           *定时器中断，在这里进行时间计算
  41           */             
  42           void Timer0Interrupt(void) interrupt 1
  43          {
  44   1          TH0 = 0x0EC;
  45   1          TL0 = 0x78;;//定时5ms
  46   1              assistCount++;
  47   1              segScantime++;
  48   1              if(assistCount>200)
  49   1              {
  50   2              assistCount=0;
  51   2              }
  52   1              
  53   1      }

C51 COMPILER V9.00   INIT                                                                  05/19/2016 11:41:52 PAGE 2   


MODULE INFORMATION:   STATIC OVERLAYABLE
   CODE SIZE        =     78    ----
   CONSTANT SIZE    =   ----    ----
   XDATA SIZE       =   ----    ----
   PDATA SIZE       =   ----    ----
   DATA SIZE        =      2    ----
   IDATA SIZE       =   ----    ----
   BIT SIZE         =   ----    ----
END OF MODULE INFORMATION.


C51 COMPILATION COMPLETE.  0 WARNING(S),  0 ERROR(S)
